10
In Task 2
In Task 3
20
End Task 2
This should happen almost immediately
In Task 1
End Task 3
End Task 1
Finished
Will this one be scheduled?
